mac 2a:ce:70:33:3b:6c
guest ip 192.168.64.5 after 10s
ssh up after 24s
ProductName:		macOS
ProductVersion:		27.0.1
BuildVersion:		26A434
Darwin x27s-Virtual-Machine.local 27.0.0 Darwin Kernel Version 27.0.0: Tue Aug 11 21:00:07 PDT 2026; root:xnu-13432.1.9~1/RELEASE_ARM64_VMAPPLE arm64
uid=501(x27) gid=20(staff) groups=20(staff),12(everyone),61(localaccounts),79(_appserverusr),80(admin),81(_appserveradm),33(_appstore),98(_lpadmin),100(_lpoperator),204(_developer),250(_analyticsusers),395(com.apple.access_ftp),398(com.apple.access_screensharing),399(com.apple.access_ssh),400(com.apple.access_remote_ae),701(com.apple.sharepoint.group.1)
System Integrity Protection status: enabled.
Password:2026-10-06 09:44:31.030 sysadminctl[499:2939] ----------------------------
2026-10-06 09:44:31.030 sysadminctl[499:2939] No clear text password or interactive option was specified (adduser, change/reset password will not allow user to use FDE) !
2026-10-06 09:44:31.030 sysadminctl[499:2939] ----------------------------
IOServiceMatchingfailed for: AppleM2ScalerParavirtDriver
2026-10-06 09:44:31.350 sysadminctl[499:2939] Creating user record…
2026-10-06 09:44:32.045 sysadminctl[499:2939] Assigning UID: 502 GID: 20
2026-10-06 09:44:32.936 sysadminctl[499:2939] Creating home directory at /Users/proj1
Password:uid=502(proj1) gid=20(staff) groups=20(staff),12(everyone),61(localaccounts),100(_lpoperator),701(com.apple.sharepoint.group.1),702(com.apple.sharepoint.group.2)
no proj1 is NOT a member of admin
	state = running
	runs = 1
	pid = 513
		state = active
		state = active
{"ev":"start","pid":513,"port":1024,"t":1791305073.974731,"uid":0}
{"ev":"listening","pid":513,"t":1791305073.975215}
ready after 30s
